Archive member included to satisfy reference by file (symbol)

c:/progra~2/armgnu~1/arm-no~1/1213fb~1.2mp/bin/../lib/gcc/arm-none-eabi/12.2.0/thumb/v7e-m/nofp\libgcc.a(_aeabi_uldivmod.o)
                              CMakeFiles/sample-project.elf.dir/Drivers/STM32L4xx_HAL_Driver/Src/stm32l4xx_hal_uart.c.obj (__aeabi_uldivmod)
c:/progra~2/armgnu~1/arm-no~1/1213fb~1.2mp/bin/../lib/gcc/arm-none-eabi/12.2.0/thumb/v7e-m/nofp\libgcc.a(_udivmoddi4.o)
                              c:/progra~2/armgnu~1/arm-no~1/1213fb~1.2mp/bin/../lib/gcc/arm-none-eabi/12.2.0/thumb/v7e-m/nofp\libgcc.a(_aeabi_uldivmod.o) (__udivmoddi4)
c:/progra~2/armgnu~1/arm-no~1/1213fb~1.2mp/bin/../lib/gcc/arm-none-eabi/12.2.0/thumb/v7e-m/nofp\libgcc.a(_dvmd_tls.o)
                              c:/progra~2/armgnu~1/arm-no~1/1213fb~1.2mp/bin/../lib/gcc/arm-none-eabi/12.2.0/thumb/v7e-m/nofp\libgcc.a(_aeabi_uldivmod.o) (__aeabi_ldiv0)
c:/progra~2/armgnu~1/arm-no~1/1213fb~1.2mp/bin/../lib/gcc/arm-none-eabi/12.2.0/thumb/v7e-m/nofp\libg.a(libc_a-exit.o)
                              c:/progra~2/armgnu~1/arm-no~1/1213fb~1.2mp/bin/../lib/gcc/arm-none-eabi/12.2.0/thumb/v7e-m/nofp/crt0.o (exit)
c:/progra~2/armgnu~1/arm-no~1/1213fb~1.2mp/bin/../lib/gcc/arm-none-eabi/12.2.0/thumb/v7e-m/nofp\libg.a(libc_a-findfp.o)
                              c:/progra~2/armgnu~1/arm-no~1/1213fb~1.2mp/bin/../lib/gcc/arm-none-eabi/12.2.0/thumb/v7e-m/nofp\libg.a(libc_a-exit.o) (__stdio_exit_handler)
c:/progra~2/armgnu~1/arm-no~1/1213fb~1.2mp/bin/../lib/gcc/arm-none-eabi/12.2.0/thumb/v7e-m/nofp\libg.a(libc_a-fwalk.o)
                              c:/progra~2/armgnu~1/arm-no~1/1213fb~1.2mp/bin/../lib/gcc/arm-none-eabi/12.2.0/thumb/v7e-m/nofp\libg.a(libc_a-findfp.o) (_fwalk_sglue)
c:/progra~2/armgnu~1/arm-no~1/1213fb~1.2mp/bin/../lib/gcc/arm-none-eabi/12.2.0/thumb/v7e-m/nofp\libg.a(libc_a-stdio.o)
                              c:/progra~2/armgnu~1/arm-no~1/1213fb~1.2mp/bin/../lib/gcc/arm-none-eabi/12.2.0/thumb/v7e-m/nofp\libg.a(libc_a-findfp.o) (__sread)
c:/progra~2/armgnu~1/arm-no~1/1213fb~1.2mp/bin/../lib/gcc/arm-none-eabi/12.2.0/thumb/v7e-m/nofp\libg.a(libc_a-memset.o)
                              c:/progra~2/armgnu~1/arm-no~1/1213fb~1.2mp/bin/../lib/gcc/arm-none-eabi/12.2.0/thumb/v7e-m/nofp/crt0.o (memset)
c:/progra~2/armgnu~1/arm-no~1/1213fb~1.2mp/bin/../lib/gcc/arm-none-eabi/12.2.0/thumb/v7e-m/nofp\libg.a(libc_a-closer.o)
                              c:/progra~2/armgnu~1/arm-no~1/1213fb~1.2mp/bin/../lib/gcc/arm-none-eabi/12.2.0/thumb/v7e-m/nofp\libg.a(libc_a-stdio.o) (_close_r)
c:/progra~2/armgnu~1/arm-no~1/1213fb~1.2mp/bin/../lib/gcc/arm-none-eabi/12.2.0/thumb/v7e-m/nofp\libg.a(libc_a-reent.o)
                              c:/progra~2/armgnu~1/arm-no~1/1213fb~1.2mp/bin/../lib/gcc/arm-none-eabi/12.2.0/thumb/v7e-m/nofp\libg.a(libc_a-closer.o) (errno)
c:/progra~2/armgnu~1/arm-no~1/1213fb~1.2mp/bin/../lib/gcc/arm-none-eabi/12.2.0/thumb/v7e-m/nofp\libg.a(libc_a-impure.o)
                              c:/progra~2/armgnu~1/arm-no~1/1213fb~1.2mp/bin/../lib/gcc/arm-none-eabi/12.2.0/thumb/v7e-m/nofp\libg.a(libc_a-reent.o) (_impure_ptr)
c:/progra~2/armgnu~1/arm-no~1/1213fb~1.2mp/bin/../lib/gcc/arm-none-eabi/12.2.0/thumb/v7e-m/nofp\libg.a(libc_a-lseekr.o)
                              c:/progra~2/armgnu~1/arm-no~1/1213fb~1.2mp/bin/../lib/gcc/arm-none-eabi/12.2.0/thumb/v7e-m/nofp\libg.a(libc_a-stdio.o) (_lseek_r)
c:/progra~2/armgnu~1/arm-no~1/1213fb~1.2mp/bin/../lib/gcc/arm-none-eabi/12.2.0/thumb/v7e-m/nofp\libg.a(libc_a-readr.o)
                              c:/progra~2/armgnu~1/arm-no~1/1213fb~1.2mp/bin/../lib/gcc/arm-none-eabi/12.2.0/thumb/v7e-m/nofp\libg.a(libc_a-stdio.o) (_read_r)
c:/progra~2/armgnu~1/arm-no~1/1213fb~1.2mp/bin/../lib/gcc/arm-none-eabi/12.2.0/thumb/v7e-m/nofp\libg.a(libc_a-writer.o)
                              c:/progra~2/armgnu~1/arm-no~1/1213fb~1.2mp/bin/../lib/gcc/arm-none-eabi/12.2.0/thumb/v7e-m/nofp\libg.a(libc_a-stdio.o) (_write_r)
c:/progra~2/armgnu~1/arm-no~1/1213fb~1.2mp/bin/../lib/gcc/arm-none-eabi/12.2.0/thumb/v7e-m/nofp\libg.a(libc_a-errno.o)
                              CMakeFiles/sample-project.elf.dir/Core/Src/syscalls.c.obj (__errno)
c:/progra~2/armgnu~1/arm-no~1/1213fb~1.2mp/bin/../lib/gcc/arm-none-eabi/12.2.0/thumb/v7e-m/nofp\libg.a(libc_a-init.o)
                              c:/progra~2/armgnu~1/arm-no~1/1213fb~1.2mp/bin/../lib/gcc/arm-none-eabi/12.2.0/thumb/v7e-m/nofp/crt0.o (__libc_init_array)
c:/progra~2/armgnu~1/arm-no~1/1213fb~1.2mp/bin/../lib/gcc/arm-none-eabi/12.2.0/thumb/v7e-m/nofp\libg.a(libc_a-lock.o)
                              c:/progra~2/armgnu~1/arm-no~1/1213fb~1.2mp/bin/../lib/gcc/arm-none-eabi/12.2.0/thumb/v7e-m/nofp\libg.a(libc_a-findfp.o) (__retarget_lock_init_recursive)
c:/progra~2/armgnu~1/arm-no~1/1213fb~1.2mp/bin/../lib/gcc/arm-none-eabi/12.2.0/thumb/v7e-m/nofp\libg.a(libc_a-__call_atexit.o)
[...]
Memory Configuration

Name             Origin             Length             Attributes
RAM              0x20000000         0x00010000         xrw
RAM2             0x10000000         0x00004000         xrw
FLASH            0x08000000         0x00040000         xr
*default*        0x00000000         0xffffffff

Linker script and memory map

LOAD c:/progra~2/armgnu~1/arm-no~1/1213fb~1.2mp/bin/../lib/gcc/arm-none-eabi/12.2.0/thumb/v7e-m/nofp/crti.o
LOAD c:/progra~2/armgnu~1/arm-no~1/1213fb~1.2mp/bin/../lib/gcc/arm-none-eabi/12.2.0/thumb/v7e-m/nofp/crtbegin.o
LOAD c:/progra~2/armgnu~1/arm-no~1/1213fb~1.2mp/bin/../lib/gcc/arm-none-eabi/12.2.0/thumb/v7e-m/nofp/crt0.o
LOAD CMakeFiles/sample-project.elf.dir/Core/Src/main.c.obj
LOAD CMakeFiles/sample-project.elf.dir/Core/Src/stm32l4xx_hal_msp.c.obj
LOAD CMakeFiles/sample-project.elf.dir/Core/Src/stm32l4xx_it.c.obj
LOAD CMakeFiles/sample-project.elf.dir/Core/Src/syscalls.c.obj
LOAD CMakeFiles/sample-project.elf.dir/Core/Src/sysmem.c.obj
LOAD CMakeFiles/sample-project.elf.dir/Core/Src/system_stm32l4xx.c.obj
LOAD CMakeFiles/sample-project.elf.dir/Core/Startup/startup_stm32l432kcux.s.obj
LOAD CMakeFiles/sample-project.elf.dir/Drivers/STM32L4xx_HAL_Driver/Src/stm32l4xx_hal.c.obj
LOAD CMakeFiles/sample-project.elf.dir/Drivers/STM32L4xx_HAL_Driver/Src/stm32l4xx_hal_cortex.c.obj
LOAD CMakeFiles/sample-project.elf.dir/Drivers/STM32L4xx_HAL_Driver/Src/stm32l4xx_hal_dma.c.obj
LOAD CMakeFiles/sample-project.elf.dir/Drivers/STM32L4xx_HAL_Driver/Src/stm32l4xx_hal_dma_ex.c.obj
LOAD CMakeFiles/sample-project.elf.dir/Drivers/STM32L4xx_HAL_Driver/Src/stm32l4xx_hal_exti.c.obj
LOAD CMakeFiles/sample-project.elf.dir/Drivers/STM32L4xx_HAL_Driver/Src/stm32l4xx_hal_flash.c.obj
LOAD CMakeFiles/sample-project.elf.dir/Drivers/STM32L4xx_HAL_Driver/Src/stm32l4xx_hal_flash_ex.c.obj
LOAD CMakeFiles/sample-project.elf.dir/Drivers/STM32L4xx_HAL_Driver/Src/stm32l4xx_hal_flash_ramfunc.c.obj
LOAD CMakeFiles/sample-project.elf.dir/Drivers/STM32L4xx_HAL_Driver/Src/stm32l4xx_hal_gpio.c.obj
LOAD CMakeFiles/sample-project.elf.dir/Drivers/STM32L4xx_HAL_Driver/Src/stm32l4xx_hal_i2c.c.obj
LOAD CMakeFiles/sample-project.elf.dir/Drivers/STM32L4xx_HAL_Driver/Src/stm32l4xx_hal_i2c_ex.c.obj
LOAD CMakeFiles/sample-project.elf.dir/Drivers/STM32L4xx_HAL_Driver/Src/stm32l4xx_hal_pwr.c.obj
LOAD CMakeFiles/sample-project.elf.dir/Drivers/STM32L4xx_HAL_Driver/Src/stm32l4xx_hal_pwr_ex.c.obj
LOAD CMakeFiles/sample-project.elf.dir/Drivers/STM32L4xx_HAL_Driver/Src/stm32l4xx_hal_rcc.c.obj
LOAD CMakeFiles/sample-project.elf.dir/Drivers/STM32L4xx_HAL_Driver/Src/stm32l4xx_hal_rcc_ex.c.obj
LOAD CMakeFiles/sample-project.elf.dir/Drivers/STM32L4xx_HAL_Driver/Src/stm32l4xx_hal_tim.c.obj
LOAD CMakeFiles/sample-project.elf.dir/Drivers/STM32L4xx_HAL_Driver/Src/stm32l4xx_hal_tim_ex.c.obj
LOAD CMakeFiles/sample-project.elf.dir/Drivers/STM32L4xx_HAL_Driver/Src/stm32l4xx_hal_uart.c.obj
LOAD CMakeFiles/sample-project.elf.dir/Drivers/STM32L4xx_HAL_Driver/Src/stm32l4xx_hal_uart_ex.c.obj
START GROUP
LOAD c:/progra~2/armgnu~1/arm-no~1/1213fb~1.2mp/bin/../lib/gcc/arm-none-eabi/12.2.0/thumb/v7e-m/nofp\libgcc.a
LOAD c:/progra~2/armgnu~1/arm-no~1/1213fb~1.2mp/bin/../lib/gcc/arm-none-eabi/12.2.0/thumb/v7e-m/nofp\libg.a
LOAD c:/progra~2/armgnu~1/arm-no~1/1213fb~1.2mp/bin/../lib/gcc/arm-none-eabi/12.2.0/thumb/v7e-m/nofp\libc.a
END GROUP
LOAD c:/progra~2/armgnu~1/arm-no~1/1213fb~1.2mp/bin/../lib/gcc/arm-none-eabi/12.2.0/thumb/v7e-m/nofp/crtend.o
LOAD c:/progra~2/armgnu~1/arm-no~1/1213fb~1.2mp/bin/../lib/gcc/arm-none-eabi/12.2.0/thumb/v7e-m/nofp/crtn.o
                0x20010000                        _estack = (ORIGIN (RAM) + LENGTH (RAM))
                0x00000200                        _Min_Heap_Size = 0x200
                0x00000400                        _Min_Stack_Size = 0x400

.isr_vector     0x08000000      0x18c
                0x08000000                        . = ALIGN (0x4)
 *(.isr_vector)
 .isr_vector    0x08000000      0x18c CMakeFiles/sample-project.elf.dir/Core/Startup/startup_stm32l432kcux.s.obj
                0x08000000                g_pfnVectors
                0x0800018c                        . = ALIGN (0x4)

.text           0x0800018c     0x1e98
                0x0800018c                        . = ALIGN (0x4)
 *(.text)
 .text          0x0800018c       0x30 c:/progra~2/armgnu~1/arm-no~1/1213fb~1.2mp/bin/../lib/gcc/arm-none-eabi/12.2.0/thumb/v7e-m/nofp\libgcc.a(_aeabi_uldivmod.o)
                0x0800018c                __aeabi_uldivmod
 .text          0x080001bc        0x4 c:/progra~2/armgnu~1/arm-no~1/1213fb~1.2mp/bin/../lib/gcc/arm-none-eabi/12.2.0/thumb/v7e-m/nofp\libgcc.a(_dvmd_tls.o)
                0x080001bc                __aeabi_idiv0
                0x080001bc                __aeabi_ldiv0
 *(.text*)
 .text.deregister_tm_clones
                0x080001c0       0x1c c:/progra~2/armgnu~1/arm-no~1/1213fb~1.2mp/bin/../lib/gcc/arm-none-eabi/12.2.0/thumb/v7e-m/nofp/crtbegin.o
 .text.register_tm_clones
                0x080001dc       0x24 c:/progra~2/armgnu~1/arm-no~1/1213fb~1.2mp/bin/../lib/gcc/arm-none-eabi/12.2.0/thumb/v7e-m/nofp/crtbegin.o
 .text.__do_global_dtors_aux
                0x08000200       0x28 c:/progra~2/armgnu~1/arm-no~1/1213fb~1.2mp/bin/../lib/gcc/arm-none-eabi/12.2.0/thumb/v7e-m/nofp/crtbegin.o
 .text.frame_dummy
                0x08000228       0x24 c:/progra~2/armgnu~1/arm-no~1/1213fb~1.2mp/bin/../lib/gcc/arm-none-eabi/12.2.0/thumb/v7e-m/nofp/crtbegin.o
 .text.MX_GPIO_Init
                0x0800024c       0x74 CMakeFiles/sample-project.elf.dir/Core/Src/main.c.obj
 .text.Error_Handler
                0x080002c0        0x4 CMakeFiles/sample-project.elf.dir/Core/Src/main.c.obj
                0x080002c0                Error_Handler
 .text.MX_USART2_UART_Init
                0x080002c4       0x38 CMakeFiles/sample-project.elf.dir/Core/Src/main.c.obj
 .text.SystemClock_Config
                0x080002fc       0x9c CMakeFiles/sample-project.elf.dir/Core/Src/main.c.obj
                0x080002fc                SystemClock_Config
 .text.main     0x08000398       0x14 CMakeFiles/sample-project.elf.dir/Core/Src/main.c.obj
                0x08000398                main
 .text.HAL_MspInit
                0x080003ac       0x30 CMakeFiles/sample-project.elf.dir/Core/Src/stm32l4xx_hal_msp.c.obj
                0x080003ac                HAL_MspInit
 .text.HAL_UART_MspInit
                0x080003dc       0xa0 CMakeFiles/sample-project.elf.dir/Core/Src/stm32l4xx_hal_msp.c.obj
                0x080003dc                HAL_UART_MspInit
 .text.NMI_Handler
                0x0800047c        0x2 CMakeFiles/sample-project.elf.dir/Core/Src/stm32l4xx_it.c.obj
                0x0800047c                NMI_Handler
 .text.HardFault_Handler
                0x0800047e        0x2 CMakeFiles/sample-project.elf.dir/Core/Src/stm32l4xx_it.c.obj
                0x0800047e                HardFault_Handler
 .text.MemManage_Handler
                0x08000480        0x2 CMakeFiles/sample-project.elf.dir/Core/Src/stm32l4xx_it.c.obj
                0x08000480                MemManage_Handler
 .text.BusFault_Handler
                0x08000482        0x2 CMakeFiles/sample-project.elf.dir/Core/Src/stm32l4xx_it.c.obj
                0x08000482                BusFault_Handler
 .text.UsageFault_Handler
                0x08000484        0x2 CMakeFiles/sample-project.elf.dir/Core/Src/stm32l4xx_it.c.obj
                0x08000484                UsageFault_Handler
 .text.SVC_Handler
                0x08000486        0x2 CMakeFiles/sample-project.elf.dir/Core/Src/stm32l4xx_it.c.obj
                0x08000486                SVC_Handler
 .text.DebugMon_Handler
                0x08000488        0x2 CMakeFiles/sample-project.elf.dir/Core/Src/stm32l4xx_it.c.obj
                0x08000488                DebugMon_Handler
 .text.PendSV_Handler
                0x0800048a        0x2 CMakeFiles/sample-project.elf.dir/Core/Src/stm32l4xx_it.c.obj
                0x0800048a                PendSV_Handler
 .text.SysTick_Handler
                0x0800048c        0x8 CMakeFiles/sample-project.elf.dir/Core/Src/stm32l4xx_it.c.obj
                0x0800048c                SysTick_Handler
 .text.SystemInit
                0x08000494        0x2 CMakeFiles/sample-project.elf.dir/Core/Src/system_stm32l4xx.c.obj
                0x08000494                SystemInit
 *fill*         0x08000496        0x2 
 .text.Reset_Handler
                0x08000498       0x50 CMakeFiles/sample-project.elf.dir/Core/Startup/startup_stm32l432kcux.s.obj
                0x08000498                Reset_Handler
 .text.Default_Handler
                0x080004e8        0x2 CMakeFiles/sample-project.elf.dir/Core/Startup/startup_stm32l432kcux.s.obj
                0x080004e8                RTC_Alarm_IRQHandler
                0x080004e8                EXTI2_IRQHandler
                0x080004e8                TIM1_CC_IRQHandler
                0x080004e8                TSC_IRQHandler
                0x080004e8                TAMP_STAMP_IRQHandler
                0x080004e8                EXTI3_IRQHandler
                0x080004e8                LPTIM2_IRQHandler
                0x080004e8                I2C3_ER_IRQHandler
                0x080004e8                EXTI0_IRQHandler
                0x080004e8                CAN1_RX0_IRQHandler
                0x080004e8                FPU_IRQHandler
                0x080004e8                TIM1_UP_TIM16_IRQHandler
                0x080004e8                SPI1_IRQHandler
                0x080004e8                TIM6_DAC_IRQHandler
                0x080004e8                DMA2_Channel2_IRQHandler
                0x080004e8                DMA1_Channel4_IRQHandler
                0x080004e8                ADC1_IRQHandler
                0x080004e8                DMA1_Channel7_IRQHandler
                0x080004e8                CAN1_RX1_IRQHandler
                0x080004e8                DMA2_Channel1_IRQHandler
                0x080004e8                QUADSPI_IRQHandler
                0x080004e8                I2C1_EV_IRQHandler
                0x080004e8                DMA1_Channel6_IRQHandler
                0x080004e8                DMA2_Channel4_IRQHandler
                0x080004e8                RCC_IRQHandler
                0x080004e8                TIM1_TRG_COM_IRQHandler
                0x080004e8                DMA1_Channel1_IRQHandler
                0x080004e8                Default_Handler
                0x080004e8                DMA2_Channel7_IRQHandler
                0x080004e8                EXTI15_10_IRQHandler
                0x080004e8                TIM7_IRQHandler
                0x080004e8                I2C3_EV_IRQHandler
                0x080004e8                USB_IRQHandler
                0x080004e8                EXTI9_5_IRQHandler
                0x080004e8                RTC_WKUP_IRQHandler
                0x080004e8                PVD_PVM_IRQHandler
                0x080004e8                CAN1_TX_IRQHandler
                0x080004e8                DMA2_Channel5_IRQHandler
                0x080004e8                CRS_IRQHandler
                0x080004e8                DMA1_Channel5_IRQHandler
                0x080004e8                EXTI4_IRQHandler
                0x080004e8                RNG_IRQHandler
                0x080004e8                DMA1_Channel3_IRQHandler
                0x080004e8                COMP_IRQHandler
                0x080004e8                WWDG_IRQHandler
                0x080004e8                LPUART1_IRQHandler
                0x080004e8                DMA2_Channel6_IRQHandler
                0x080004e8                TIM2_IRQHandler
                0x080004e8                EXTI1_IRQHandler
                0x080004e8                USART2_IRQHandler
                0x080004e8                DMA1_Channel2_IRQHandler
                0x080004e8                CAN1_SCE_IRQHandler
                0x080004e8                FLASH_IRQHandler
                0x080004e8                USART1_IRQHandler
                0x080004e8                SPI3_IRQHandler
                0x080004e8                I2C1_ER_IRQHandler
                0x080004e8                SWPMI1_IRQHandler
                0x080004e8                LPTIM1_IRQHandler
                0x080004e8                SAI1_IRQHandler
                0x080004e8                DMA2_Channel3_IRQHandler
                0x080004e8                TIM1_BRK_TIM15_IRQHandler
 *fill*         0x080004ea        0x2 
 .text.HAL_InitTick
                0x080004ec       0x50 CMakeFiles/sample-project.elf.dir/Drivers/STM32L4xx_HAL_Driver/Src/stm32l4xx_hal.c.obj
                0x080004ec                HAL_InitTick
 .text.HAL_Init
                0x0800053c       0x1e CMakeFiles/sample-project.elf.dir/Drivers/STM32L4xx_HAL_Driver/Src/stm32l4xx_hal.c.obj
                0x0800053c                HAL_Init
 *fill*         0x0800055a        0x2 
 .text.HAL_IncTick
                0x0800055c       0x18 CMakeFiles/sample-project.elf.dir/Drivers/STM32L4xx_HAL_Driver/Src/stm32l4xx_hal.c.obj
                0x0800055c                HAL_IncTick
 .text.HAL_GetTick
                0x08000574        0xc CMakeFiles/sample-project.elf.dir/Drivers/STM32L4xx_HAL_Driver/Src/stm32l4xx_hal.c.obj
                0x08000574                HAL_GetTick
 .text.__NVIC_SetPriority
                0x08000580       0x28 CMakeFiles/sample-project.elf.dir/Drivers/STM32L4xx_HAL_Driver/Src/stm32l4xx_hal_cortex.c.obj
 .text.NVIC_EncodePriority
                0x080005a8       0x3e CMakeFiles/sample-project.elf.dir/Drivers/STM32L4xx_HAL_Driver/Src/stm32l4xx_hal_cortex.c.obj
 *fill*         0x080005e6        0x2 
 .text.HAL_NVIC_SetPriorityGrouping
                0x080005e8       0x24 CMakeFiles/sample-project.elf.dir/Drivers/STM32L4xx_HAL_Driver/Src/stm32l4xx_hal_cortex.c.obj
                0x080005e8                HAL_NVIC_SetPriorityGrouping
 .text.HAL_NVIC_SetPriority
                0x0800060c       0x20 CMakeFiles/sample-project.elf.dir/Drivers/STM32L4xx_HAL_Driver/Src/stm32l4xx_hal_cortex.c.obj
                0x0800060c                HAL_NVIC_SetPriority
 .text.HAL_SYSTICK_Config
                0x0800062c       0x28 CMakeFiles/sample-project.elf.dir/Drivers/STM32L4xx_HAL_Driver/Src/stm32l4xx_hal_cortex.c.obj
                0x0800062c                HAL_SYSTICK_Config
 .text.HAL_GPIO_Init
                0x08000654      0x1b8 CMakeFiles/sample-project.elf.dir/Drivers/STM32L4xx_HAL_Driver/Src/stm32l4xx_hal_gpio.c.obj
                0x08000654                HAL_GPIO_Init
 .text.HAL_GPIO_WritePin
                0x0800080c        0xa CMakeFiles/sample-project.elf.dir/Drivers/STM32L4xx_HAL_Driver/Src/stm32l4xx_hal_gpio.c.obj
                0x0800080c                HAL_GPIO_WritePin
 *fill*         0x08000816        0x2 
 .text.HAL_PWR_EnableBkUpAccess
                0x08000818       0x10 CMakeFiles/sample-project.elf.dir/Drivers/STM32L4xx_HAL_Driver/Src/stm32l4xx_hal_pwr.c.obj
                0x08000818                HAL_PWR_EnableBkUpAccess
 .text.HAL_PWREx_GetVoltageRange
                0x08000828       0x10 CMakeFiles/sample-project.elf.dir/Drivers/STM32L4xx_HAL_Driver/Src/stm32l4xx_hal_pwr_ex.c.obj
                0x08000828                HAL_PWREx_GetVoltageRange
 .text.HAL_PWREx_ControlVoltageScaling
                0x08000838       0x90 CMakeFiles/sample-project.elf.dir/Drivers/STM32L4xx_HAL_Driver/Src/stm32l4xx_hal_pwr_ex.c.obj
                0x08000838                HAL_PWREx_ControlVoltageScaling
 .text.RCC_SetFlashLatencyFromMSIRange
                0x080008c8       0x90 CMakeFiles/sample-project.elf.dir/Drivers/STM32L4xx_HAL_Driver/Src/stm32l4xx_hal_rcc.c.obj
 .text.HAL_RCC_GetSysClockFreq
                0x08000958       0xb4 CMakeFiles/sample-project.elf.dir/Drivers/STM32L4xx_HAL_Driver/Src/stm32l4xx_hal_rcc.c.obj
                0x08000958                HAL_RCC_GetSysClockFreq
 .text.HAL_RCC_OscConfig
                0x08000a0c      0x66c CMakeFiles/sample-project.elf.dir/Drivers/STM32L4xx_HAL_Driver/Src/stm32l4xx_hal_rcc.c.obj
                0x08000a0c                HAL_RCC_OscConfig
 .text.HAL_RCC_ClockConfig
                0x08001078      0x188 CMakeFiles/sample-project.elf.dir/Drivers/STM32L4xx_HAL_Driver/Src/stm32l4xx_hal_rcc.c.obj
                0x08001078                HAL_RCC_ClockConfig
 .text.HAL_RCC_GetHCLKFreq
                0x08001200        0xc CMakeFiles/sample-project.elf.dir/Drivers/STM32L4xx_HAL_Driver/Src/stm32l4xx_hal_rcc.c.obj
                0x08001200                HAL_RCC_GetHCLKFreq
 .text.HAL_RCC_GetPCLK1Freq
                0x0800120c       0x24 CMakeFiles/sample-project.elf.dir/Drivers/STM32L4xx_HAL_Driver/Src/stm32l4xx_hal_rcc.c.obj
                0x0800120c                HAL_RCC_GetPCLK1Freq
 .text.HAL_RCC_GetPCLK2Freq
                0x08001230       0x24 CMakeFiles/sample-project.elf.dir/Drivers/STM32L4xx_HAL_Driver/Src/stm32l4xx_hal_rcc.c.obj
                0x08001230                HAL_RCC_GetPCLK2Freq
 .text.RCCEx_PLLSAI1_Config
                0x08001254      0x16c CMakeFiles/sample-project.elf.dir/Drivers/STM32L4xx_HAL_Driver/Src/stm32l4xx_hal_rcc_ex.c.obj
 .text.HAL_RCCEx_PeriphCLKConfig
                0x080013c0      0x2e8 CMakeFiles/sample-project.elf.dir/Drivers/STM32L4xx_HAL_Driver/Src/stm32l4xx_hal_rcc_ex.c.obj
                0x080013c0                HAL_RCCEx_PeriphCLKConfig
 .text.HAL_RCCEx_EnableMSIPLLMode
                0x080016a8       0x10 CMakeFiles/sample-project.elf.dir/Drivers/STM32L4xx_HAL_Driver/Src/stm32l4xx_hal_rcc_ex.c.obj
                0x080016a8                HAL_RCCEx_EnableMSIPLLMode
 .text.UART_SetConfig
                0x080016b8      0x260 CMakeFiles/sample-project.elf.dir/Drivers/STM32L4xx_HAL_Driver/Src/stm32l4xx_hal_uart.c.obj
                0x080016b8                UART_SetConfig
 .text.UART_AdvFeatureConfig
                0x08001918       0xca CMakeFiles/sample-project.elf.dir/Drivers/STM32L4xx_HAL_Driver/Src/stm32l4xx_hal_uart.c.obj
                0x08001918                UART_AdvFeatureConfig
 .text.UART_WaitOnFlagUntilTimeout
                0x080019e2       0xd0 CMakeFiles/sample-project.elf.dir/Drivers/STM32L4xx_HAL_Driver/Src/stm32l4xx_hal_uart.c.obj
                0x080019e2                UART_WaitOnFlagUntilTimeout
 .text.UART_CheckIdleState
                0x08001ab2       0x70 CMakeFiles/sample-project.elf.dir/Drivers/STM32L4xx_HAL_Driver/Src/stm32l4xx_hal_uart.c.obj
                0x08001ab2                UART_CheckIdleState
 .text.HAL_UART_Init
                0x08001b22       0x62 CMakeFiles/sample-project.elf.dir/Drivers/STM32L4xx_HAL_Driver/Src/stm32l4xx_hal_uart.c.obj
                0x08001b22                HAL_UART_Init
 .text.__udivmoddi4
                0x08001b84      0x2bc c:/progra~2/armgnu~1/arm-no~1/1213fb~1.2mp/bin/../lib/gcc/arm-none-eabi/12.2.0/thumb/v7e-m/nofp\libgcc.a(_udivmoddi4.o)
                0x08001b84                __udivmoddi4
 .text.memset   0x08001e40       0xa4 c:/progra~2/armgnu~1/arm-no~1/1213fb~1.2mp/bin/../lib/gcc/arm-none-eabi/12.2.0/thumb/v7e-m/nofp\libg.a(libc_a-memset.o)
                0x08001e40                memset
 .text.__libc_init_array
                0x08001ee4       0x50 c:/progra~2/armgnu~1/arm-no~1/1213fb~1.2mp/bin/../lib/gcc/arm-none-eabi/12.2.0/thumb/v7e-m/nofp\libg.a(libc_a-init.o)
                0x08001ee4                __libc_init_array
 .text.__retarget_lock_acquire_recursive
                0x08001f34        0x4 c:/progra~2/armgnu~1/arm-no~1/1213fb~1.2mp/bin/../lib/gcc/arm-none-eabi/12.2.0/thumb/v7e-m/nofp\libg.a(libc_a-lock.o)
                0x08001f34                __retarget_lock_acquire_recursive
 .text.__retarget_lock_release_recursive
                0x08001f38        0x4 c:/progra~2/armgnu~1/arm-no~1/1213fb~1.2mp/bin/../lib/gcc/arm-none-eabi/12.2.0/thumb/v7e-m/nofp\libg.a(libc_a-lock.o)
                0x08001f38                __retarget_lock_release_recursive
 .text.startup.register_fini
                0x08001f3c       0x14 c:/progra~2/armgnu~1/arm-no~1/1213fb~1.2mp/bin/../lib/gcc/arm-none-eabi/12.2.0/thumb/v7e-m/nofp\libg.a(libc_a-__call_atexit.o)
 .text.atexit   0x08001f50        0xc c:/progra~2/armgnu~1/arm-no~1/1213fb~1.2mp/bin/../lib/gcc/arm-none-eabi/12.2.0/thumb/v7e-m/nofp\libg.a(libc_a-atexit.o)
                0x08001f50                atexit
 .text.__libc_fini_array
                0x08001f5c       0x28 c:/progra~2/armgnu~1/arm-no~1/1213fb~1.2mp/bin/../lib/gcc/arm-none-eabi/12.2.0/thumb/v7e-m/nofp\libg.a(libc_a-fini.o)
                0x08001f5c                __libc_fini_array
 .text.__register_exitproc
                0x08001f84       0x88 c:/progra~2/armgnu~1/arm-no~1/1213fb~1.2mp/bin/../lib/gcc/arm-none-eabi/12.2.0/thumb/v7e-m/nofp\libg.a(libc_a-__atexit.o)
                0x08001f84                __register_exitproc
 *(.glue_7)
 .glue_7        0x0800200c        0x0 linker stubs
 *(.glue_7t)
 .glue_7t       0x0800200c        0x0 linker stubs
 *(.eh_frame)
 .eh_frame      0x0800200c        0x0 c:/progra~2/armgnu~1/arm-no~1/1213fb~1.2mp/bin/../lib/gcc/arm-none-eabi/12.2.0/thumb/v7e-m/nofp/crtbegin.o
 *(.init)
 .init          0x0800200c        0x4 c:/progra~2/armgnu~1/arm-no~1/1213fb~1.2mp/bin/../lib/gcc/arm-none-eabi/12.2.0/thumb/v7e-m/nofp/crti.o
                0x0800200c                _init
 .init          0x08002010        0x8 c:/progra~2/armgnu~1/arm-no~1/1213fb~1.2mp/bin/../lib/gcc/arm-none-eabi/12.2.0/thumb/v7e-m/nofp/crtn.o
 *(.fini)
 .fini          0x08002018        0x4 c:/progra~2/armgnu~1/arm-no~1/1213fb~1.2mp/bin/../lib/gcc/arm-none-eabi/12.2.0/thumb/v7e-m/nofp/crti.o
                0x08002018                _fini
 .fini          0x0800201c        0x8 c:/progra~2/armgnu~1/arm-no~1/1213fb~1.2mp/bin/../lib/gcc/arm-none-eabi/12.2.0/thumb/v7e-m/nofp/crtn.o
                0x08002024                        . = ALIGN (0x4)
                0x08002024                        _etext = .

.vfp11_veneer   0x08002024        0x0
 .vfp11_veneer  0x08002024        0x0 linker stubs

.v4_bx          0x08002024        0x0
 .v4_bx         0x08002024        0x0 linker stubs

.iplt           0x08002024        0x0
 .iplt          0x08002024        0x0 c:/progra~2/armgnu~1/arm-no~1/1213fb~1.2mp/bin/../lib/gcc/arm-none-eabi/12.2.0/thumb/v7e-m/nofp/crtbegin.o

.rodata         0x08002024       0x48
                0x08002024                        . = ALIGN (0x4)
 *(.rodata)
 *(.rodata*)
 .rodata.MSIRangeTable
                0x08002024       0x30 CMakeFiles/sample-project.elf.dir/Core/Src/system_stm32l4xx.c.obj
                0x08002024                MSIRangeTable
 .rodata.APBPrescTable
                0x08002054        0x8 CMakeFiles/sample-project.elf.dir/Core/Src/system_stm32l4xx.c.obj
                0x08002054                APBPrescTable
 .rodata.AHBPrescTable
                0x0800205c       0x10 CMakeFiles/sample-project.elf.dir/Core/Src/system_stm32l4xx.c.obj
                0x0800205c                AHBPrescTable
                0x0800206c                        . = ALIGN (0x4)

.ARM.extab      0x0800206c        0x0
                0x0800206c                        . = ALIGN (0x4)
 *(.ARM.extab* .gnu.linkonce.armextab.*)
                0x0800206c                        . = ALIGN (0x4)

.ARM            0x0800206c        0x8
                0x0800206c                        . = ALIGN (0x4)
                0x0800206c                        __exidx_start = .
 *(.ARM.exidx*)
 .ARM.exidx.text.__udivmoddi4
                0x0800206c        0x8 c:/progra~2/armgnu~1/arm-no~1/1213fb~1.2mp/bin/../lib/gcc/arm-none-eabi/12.2.0/thumb/v7e-m/nofp\libgcc.a(_udivmoddi4.o)
                0x08002074                        __exidx_end = .
                0x08002074                        . = ALIGN (0x4)

.rel.dyn        0x08002074        0x0
 .rel.iplt      0x08002074        0x0 c:/progra~2/armgnu~1/arm-no~1/1213fb~1.2mp/bin/../lib/gcc/arm-none-eabi/12.2.0/thumb/v7e-m/nofp/crtbegin.o

.preinit_array  0x08002074        0x0
                0x08002074                        . = ALIGN (0x4)
                0x08002074                        PROVIDE (__preinit_array_start = .)
 *(.preinit_array*)
                0x08002074                        PROVIDE (__preinit_array_end = .)
                0x08002074                        . = ALIGN (0x4)

.init_array     0x08002074        0x8
                0x08002074                        . = ALIGN (0x4)
                0x08002074                        PROVIDE (__init_array_start = .)
 *(SORT_BY_NAME(.init_array.*))
 .init_array.00000
                0x08002074        0x4 c:/progra~2/armgnu~1/arm-no~1/1213fb~1.2mp/bin/../lib/gcc/arm-none-eabi/12.2.0/thumb/v7e-m/nofp\libg.a(libc_a-__call_atexit.o)
 *(.init_array*)
 .init_array    0x08002078        0x4 c:/progra~2/armgnu~1/arm-no~1/1213fb~1.2mp/bin/../lib/gcc/arm-none-eabi/12.2.0/thumb/v7e-m/nofp/crtbegin.o
                0x0800207c                        PROVIDE (__init_array_end = .)
                0x0800207c                        . = ALIGN (0x4)

.fini_array     0x0800207c        0x4
                0x0800207c                        . = ALIGN (0x4)
                0x0800207c                        PROVIDE (__fini_array_start = .)
 *(SORT_BY_NAME(.fini_array.*))
 *(.fini_array*)
 .fini_array    0x0800207c        0x4 c:/progra~2/armgnu~1/arm-no~1/1213fb~1.2mp/bin/../lib/gcc/arm-none-eabi/12.2.0/thumb/v7e-m/nofp/crtbegin.o
                0x08002080                        PROVIDE (__fini_array_end = .)
                0x08002080                        . = ALIGN (0x4)
                0x08002080                        _sidata = LOADADDR (.data)

.data           0x20000000       0x10 load address 0x08002080
                0x20000000                        . = ALIGN (0x4)
                0x20000000                        _sdata = .
 *(.data)
 *(.data*)
 .data.SystemCoreClock
                0x20000000        0x4 CMakeFiles/sample-project.elf.dir/Core/Src/system_stm32l4xx.c.obj
                0x20000000                SystemCoreClock
 .data.uwTickFreq
                0x20000004        0x1 CMakeFiles/sample-project.elf.dir/Drivers/STM32L4xx_HAL_Driver/Src/stm32l4xx_hal.c.obj
                0x20000004                uwTickFreq
 *fill*         0x20000005        0x3 
 .data.uwTickPrio
                0x20000008        0x4 CMakeFiles/sample-project.elf.dir/Drivers/STM32L4xx_HAL_Driver/Src/stm32l4xx_hal.c.obj
                0x20000008                uwTickPrio
 .data.__atexit_recursive_mutex
                0x2000000c        0x4 c:/progra~2/armgnu~1/arm-no~1/1213fb~1.2mp/bin/../lib/gcc/arm-none-eabi/12.2.0/thumb/v7e-m/nofp\libg.a(libc_a-__call_atexit.o)
                0x2000000c                __atexit_recursive_mutex
 *(.RamFunc)
 *(.RamFunc*)
                0x20000010                        . = ALIGN (0x4)
                0x20000010                        _edata = .

.tm_clone_table
                0x20000010        0x0 load address 0x08002090
 .tm_clone_table
                0x20000010        0x0 c:/progra~2/armgnu~1/arm-no~1/1213fb~1.2mp/bin/../lib/gcc/arm-none-eabi/12.2.0/thumb/v7e-m/nofp/crtbegin.o
 .tm_clone_table
                0x20000010        0x0 c:/progra~2/armgnu~1/arm-no~1/1213fb~1.2mp/bin/../lib/gcc/arm-none-eabi/12.2.0/thumb/v7e-m/nofp/crtend.o

.igot.plt       0x20000010        0x0 load address 0x08002090
 .igot.plt      0x20000010        0x0 c:/progra~2/armgnu~1/arm-no~1/1213fb~1.2mp/bin/../lib/gcc/arm-none-eabi/12.2.0/thumb/v7e-m/nofp/crtbegin.o
                0x20000010                        . = ALIGN (0x4)

.bss            0x20000010      0x23c load address 0x08002090
                0x20000010                        _sbss = .
                0x20000010                        __bss_start__ = _sbss
 *(.bss)
 *(.bss*)
 .bss.completed.1
                0x20000010        0x1 c:/progra~2/armgnu~1/arm-no~1/1213fb~1.2mp/bin/../lib/gcc/arm-none-eabi/12.2.0/thumb/v7e-m/nofp/crtbegin.o
 *fill*         0x20000011        0x3 
 .bss.object.0  0x20000014       0x18 c:/progra~2/armgnu~1/arm-no~1/1213fb~1.2mp/bin/../lib/gcc/arm-none-eabi/12.2.0/thumb/v7e-m/nofp/crtbegin.o
 .bss.huart2    0x2000002c       0x84 CMakeFiles/sample-project.elf.dir/Core/Src/main.c.obj
                0x2000002c                huart2
 .bss.uwTick    0x200000b0        0x4 CMakeFiles/sample-project.elf.dir/Drivers/STM32L4xx_HAL_Driver/Src/stm32l4xx_hal.c.obj
                0x200000b0                uwTick
 .bss.__lock___atexit_recursive_mutex
                0x200000b4        0x1 c:/progra~2/armgnu~1/arm-no~1/1213fb~1.2mp/bin/../lib/gcc/arm-none-eabi/12.2.0/thumb/v7e-m/nofp\libg.a(libc_a-lock.o)
                0x200000b4                __lock___atexit_recursive_mutex
 *fill*         0x200000b5        0x3 
 .bss.__atexit  0x200000b8        0x4 c:/progra~2/armgnu~1/arm-no~1/1213fb~1.2mp/bin/../lib/gcc/arm-none-eabi/12.2.0/thumb/v7e-m/nofp\libg.a(libc_a-__call_atexit.o)
                0x200000b8                __atexit
 .bss.__atexit0
                0x200000bc      0x190 c:/progra~2/armgnu~1/arm-no~1/1213fb~1.2mp/bin/../lib/gcc/arm-none-eabi/12.2.0/thumb/v7e-m/nofp\libg.a(libc_a-__atexit.o)
                0x200000bc                __atexit0
 *(COMMON)
                0x2000024c                        . = ALIGN (0x4)
                0x2000024c                        _ebss = .
                0x2000024c                        __bss_end__ = _ebss

._user_heap_stack
                0x2000024c      0x604 load address 0x08002090
                0x20000250                        . = ALIGN (0x8)
 *fill*         0x2000024c        0x4 
                [!provide]                        PROVIDE (end = .)
                0x20000250                        PROVIDE (_end = .)
                0x20000450                        . = (. + _Min_Heap_Size)
 *fill*         0x20000250      0x200 
                0x20000850                        . = (. + _Min_Stack_Size)
 *fill*         0x20000450      0x400 
                0x20000850                        . = ALIGN (0x8)

/DISCARD/
 libc.a(*)
 libm.a(*)
 libgcc.a(*)

.ARM.attributes
                0x00000000       0x2a
 *(.ARM.attributes)
 .ARM.attributes
                0x00000000       0x1e c:/progra~2/armgnu~1/arm-no~1/1213fb~1.2mp/bin/../lib/gcc/arm-none-eabi/12.2.0/thumb/v7e-m/nofp/crti.o
 .ARM.attributes
                0x0000001e       0x2e c:/progra~2/armgnu~1/arm-no~1/1213fb~1.2mp/bin/../lib/gcc/arm-none-eabi/12.2.0/thumb/v7e-m/nofp/crtbegin.o
 .ARM.attributes
                0x0000004c       0x2e CMakeFiles/sample-project.elf.dir/Core/Src/main.c.obj
 .ARM.attributes
                0x0000007a       0x2e CMakeFiles/sample-project.elf.dir/Core/Src/stm32l4xx_hal_msp.c.obj
 .ARM.attributes
                0x000000a8       0x2e CMakeFiles/sample-project.elf.dir/Core/Src/stm32l4xx_it.c.obj
 .ARM.attributes
                0x000000d6       0x2e CMakeFiles/sample-project.elf.dir/Core/Src/system_stm32l4xx.c.obj
 .ARM.attributes
                0x00000104       0x21 CMakeFiles/sample-project.elf.dir/Core/Startup/startup_stm32l432kcux.s.obj
 .ARM.attributes
                0x00000125       0x2e CMakeFiles/sample-project.elf.dir/Drivers/STM32L4xx_HAL_Driver/Src/stm32l4xx_hal.c.obj
 .ARM.attributes
                0x00000153       0x2e CMakeFiles/sample-project.elf.dir/Drivers/STM32L4xx_HAL_Driver/Src/stm32l4xx_hal_cortex.c.obj
 .ARM.attributes
                0x00000181       0x2e CMakeFiles/sample-project.elf.dir/Drivers/STM32L4xx_HAL_Driver/Src/stm32l4xx_hal_gpio.c.obj
 .ARM.attributes
                0x000001af       0x2e CMakeFiles/sample-project.elf.dir/Drivers/STM32L4xx_HAL_Driver/Src/stm32l4xx_hal_pwr.c.obj
 .ARM.attributes
                0x000001dd       0x2e CMakeFiles/sample-project.elf.dir/Drivers/STM32L4xx_HAL_Driver/Src/stm32l4xx_hal_pwr_ex.c.obj
 .ARM.attributes
                0x0000020b       0x2e CMakeFiles/sample-project.elf.dir/Drivers/STM32L4xx_HAL_Driver/Src/stm32l4xx_hal_rcc.c.obj
 .ARM.attributes
                0x00000239       0x2e CMakeFiles/sample-project.elf.dir/Drivers/STM32L4xx_HAL_Driver/Src/stm32l4xx_hal_rcc_ex.c.obj
 .ARM.attributes
                0x00000267       0x2e CMakeFiles/sample-project.elf.dir/Drivers/STM32L4xx_HAL_Driver/Src/stm32l4xx_hal_uart.c.obj
 .ARM.attributes
                0x00000295       0x1e c:/progra~2/armgnu~1/arm-no~1/1213fb~1.2mp/bin/../lib/gcc/arm-none-eabi/12.2.0/thumb/v7e-m/nofp\libgcc.a(_aeabi_uldivmod.o)
 .ARM.attributes
                0x000002b3       0x2e c:/progra~2/armgnu~1/arm-no~1/1213fb~1.2mp/bin/../lib/gcc/arm-none-eabi/12.2.0/thumb/v7e-m/nofp\libgcc.a(_udivmoddi4.o)
 .ARM.attributes
                0x000002e1       0x1e c:/progra~2/armgnu~1/arm-no~1/1213fb~1.2mp/bin/../lib/gcc/arm-none-eabi/12.2.0/thumb/v7e-m/nofp\libgcc.a(_dvmd_tls.o)
 .ARM.attributes
                0x000002ff       0x2e c:/progra~2/armgnu~1/arm-no~1/1213fb~1.2mp/bin/../lib/gcc/arm-none-eabi/12.2.0/thumb/v7e-m/nofp\libg.a(libc_a-memset.o)
 .ARM.attributes
                0x0000032d       0x2e c:/progra~2/armgnu~1/arm-no~1/1213fb~1.2mp/bin/../lib/gcc/arm-none-eabi/12.2.0/thumb/v7e-m/nofp\libg.a(libc_a-init.o)
 .ARM.attributes
                0x0000035b       0x2e c:/progra~2/armgnu~1/arm-no~1/1213fb~1.2mp/bin/../lib/gcc/arm-none-eabi/12.2.0/thumb/v7e-m/nofp\libg.a(libc_a-lock.o)
 .ARM.attributes
                0x00000389       0x2e c:/progra~2/armgnu~1/arm-no~1/1213fb~1.2mp/bin/../lib/gcc/arm-none-eabi/12.2.0/thumb/v7e-m/nofp\libg.a(libc_a-__call_atexit.o)
 .ARM.attributes
                0x000003b7       0x2e c:/progra~2/armgnu~1/arm-no~1/1213fb~1.2mp/bin/../lib/gcc/arm-none-eabi/12.2.0/thumb/v7e-m/nofp\libg.a(libc_a-atexit.o)
 .ARM.attributes
                0x000003e5       0x2e c:/progra~2/armgnu~1/arm-no~1/1213fb~1.2mp/bin/../lib/gcc/arm-none-eabi/12.2.0/thumb/v7e-m/nofp\libg.a(libc_a-fini.o)
 .ARM.attributes
                0x00000413       0x2e c:/progra~2/armgnu~1/arm-no~1/1213fb~1.2mp/bin/../lib/gcc/arm-none-eabi/12.2.0/thumb/v7e-m/nofp\libg.a(libc_a-__atexit.o)
 .ARM.attributes
                0x00000441       0x2e c:/progra~2/armgnu~1/arm-no~1/1213fb~1.2mp/bin/../lib/gcc/arm-none-eabi/12.2.0/thumb/v7e-m/nofp/crtend.o
 .ARM.attributes
                0x0000046f       0x1e c:/progra~2/armgnu~1/arm-no~1/1213fb~1.2mp/bin/../lib/gcc/arm-none-eabi/12.2.0/thumb/v7e-m/nofp/crtn.o
OUTPUT(sample-project.elf elf32-littlearm)
LOAD linker stubs
LOAD c:/progra~2/armgnu~1/arm-no~1/1213fb~1.2mp/bin/../lib/gcc/arm-none-eabi/12.2.0/thumb/v7e-m/nofp\libc.a
LOAD c:/progra~2/armgnu~1/arm-no~1/1213fb~1.2mp/bin/../lib/gcc/arm-none-eabi/12.2.0/thumb/v7e-m/nofp\libm.a
LOAD c:/progra~2/armgnu~1/arm-no~1/1213fb~1.2mp/bin/../lib/gcc/arm-none-eabi/12.2.0/thumb/v7e-m/nofp\libgcc.a

.comment        0x00000000       0x4c
 .comment       0x00000000       0x4c c:/progra~2/armgnu~1/arm-no~1/1213fb~1.2mp/bin/../lib/gcc/arm-none-eabi/12.2.0/thumb/v7e-m/nofp/crtbegin.o
                                 0x4d (size before relaxing)
 .comment       0x0000004c       0x4d CMakeFiles/sample-project.elf.dir/Core/Src/main.c.obj
 .comment       0x0000004c       0x4d CMakeFiles/sample-project.elf.dir/Core/Src/stm32l4xx_hal_msp.c.obj
 .comment       0x0000004c       0x4d CMakeFiles/sample-project.elf.dir/Core/Src/stm32l4xx_it.c.obj
 .comment       0x0000004c       0x4d CMakeFiles/sample-project.elf.dir/Core/Src/system_stm32l4xx.c.obj
 .comment       0x0000004c       0x4d CMakeFiles/sample-project.elf.dir/Drivers/STM32L4xx_HAL_Driver/Src/stm32l4xx_hal.c.obj
 .comment       0x0000004c       0x4d CMakeFiles/sample-project.elf.dir/Drivers/STM32L4xx_HAL_Driver/Src/stm32l4xx_hal_cortex.c.obj
 .comment       0x0000004c       0x4d CMakeFiles/sample-project.elf.dir/Drivers/STM32L4xx_HAL_Driver/Src/stm32l4xx_hal_gpio.c.obj
 .comment       0x0000004c       0x4d CMakeFiles/sample-project.elf.dir/Drivers/STM32L4xx_HAL_Driver/Src/stm32l4xx_hal_pwr.c.obj
 .comment       0x0000004c       0x4d CMakeFiles/sample-project.elf.dir/Drivers/STM32L4xx_HAL_Driver/Src/stm32l4xx_hal_pwr_ex.c.obj
 .comment       0x0000004c       0x4d CMakeFiles/sample-project.elf.dir/Drivers/STM32L4xx_HAL_Driver/Src/stm32l4xx_hal_rcc.c.obj
 .comment       0x0000004c       0x4d CMakeFiles/sample-project.elf.dir/Drivers/STM32L4xx_HAL_Driver/Src/stm32l4xx_hal_rcc_ex.c.obj
 .comment       0x0000004c       0x4d CMakeFiles/sample-project.elf.dir/Drivers/STM32L4xx_HAL_Driver/Src/stm32l4xx_hal_uart.c.obj
 .comment       0x0000004c       0x4d c:/progra~2/armgnu~1/arm-no~1/1213fb~1.2mp/bin/../lib/gcc/arm-none-eabi/12.2.0/thumb/v7e-m/nofp\libgcc.a(_udivmoddi4.o)
 .comment       0x0000004c       0x4d c:/progra~2/armgnu~1/arm-no~1/1213fb~1.2mp/bin/../lib/gcc/arm-none-eabi/12.2.0/thumb/v7e-m/nofp\libg.a(libc_a-memset.o)
 .comment       0x0000004c       0x4d c:/progra~2/armgnu~1/arm-no~1/1213fb~1.2mp/bin/../lib/gcc/arm-none-eabi/12.2.0/thumb/v7e-m/nofp\libg.a(libc_a-init.o)
 .comment       0x0000004c       0x4d c:/progra~2/armgnu~1/arm-no~1/1213fb~1.2mp/bin/../lib/gcc/arm-none-eabi/12.2.0/thumb/v7e-m/nofp\libg.a(libc_a-lock.o)
 .comment       0x0000004c       0x4d c:/progra~2/armgnu~1/arm-no~1/1213fb~1.2mp/bin/../lib/gcc/arm-none-eabi/12.2.0/thumb/v7e-m/nofp\libg.a(libc_a-__call_atexit.o)
 .comment       0x0000004c       0x4d c:/progra~2/armgnu~1/arm-no~1/1213fb~1.2mp/bin/../lib/gcc/arm-none-eabi/12.2.0/thumb/v7e-m/nofp\libg.a(libc_a-atexit.o)
 .comment       0x0000004c       0x4d c:/progra~2/armgnu~1/arm-no~1/1213fb~1.2mp/bin/../lib/gcc/arm-none-eabi/12.2.0/thumb/v7e-m/nofp\libg.a(libc_a-fini.o)
 .comment       0x0000004c       0x4d c:/progra~2/armgnu~1/arm-no~1/1213fb~1.2mp/bin/../lib/gcc/arm-none-eabi/12.2.0/thumb/v7e-m/nofp\libg.a(libc_a-__atexit.o)
 .comment       0x0000004c       0x4d c:/progra~2/armgnu~1/arm-no~1/1213fb~1.2mp/bin/../lib/gcc/arm-none-eabi/12.2.0/thumb/v7e-m/nofp/crtend.o

.debug_info     0x00000000     0xd6c7
 .debug_info    0x00000000      0xe24 CMakeFiles/sample-project.elf.dir/Core/Src/main.c.obj
 .debug_info    0x00000e24      0xcd3 CMakeFiles/sample-project.elf.dir/Core/Src/stm32l4xx_hal_msp.c.obj
 .debug_info    0x00001af7      0x11d CMakeFiles/sample-project.elf.dir/Core/Src/stm32l4xx_it.c.obj
 .debug_info    0x00001c14      0x3d4 CMakeFiles/sample-project.elf.dir/Core/Src/system_stm32l4xx.c.obj
 .debug_info    0x00001fe8       0x2e CMakeFiles/sample-project.elf.dir/Core/Startup/startup_stm32l432kcux.s.obj
 .debug_info    0x00002016      0xa43 CMakeFiles/sample-project.elf.dir/Drivers/STM32L4xx_HAL_Driver/Src/stm32l4xx_hal.c.obj
 .debug_info    0x00002a59      0xeff CMakeFiles/sample-project.elf.dir/Drivers/STM32L4xx_HAL_Driver/Src/stm32l4xx_hal_cortex.c.obj
 .debug_info    0x00003958      0x789 CMakeFiles/sample-project.elf.dir/Drivers/STM32L4xx_HAL_Driver/Src/stm32l4xx_hal_gpio.c.obj
 .debug_info    0x000040e1      0x96f CMakeFiles/sample-project.elf.dir/Drivers/STM32L4xx_HAL_Driver/Src/stm32l4xx_hal_pwr.c.obj
 .debug_info    0x00004a50      0x9c5 CMakeFiles/sample-project.elf.dir/Drivers/STM32L4xx_HAL_Driver/Src/stm32l4xx_hal_pwr_ex.c.obj
 .debug_info    0x00005415      0xe58 CMakeFiles/sample-project.elf.dir/Drivers/STM32L4xx_HAL_Driver/Src/stm32l4xx_hal_rcc.c.obj
 .debug_info    0x0000626d     0x119d CMakeFiles/sample-project.elf.dir/Drivers/STM32L4xx_HAL_Driver/Src/stm32l4xx_hal_rcc_ex.c.obj
 .debug_info    0x0000740a     0x4fd6 CMakeFiles/sample-project.elf.dir/Drivers/STM32L4xx_HAL_Driver/Src/stm32l4xx_hal_uart.c.obj
 .debug_info    0x0000c3e0       0x24 c:/progra~2/armgnu~1/arm-no~1/1213fb~1.2mp/bin/../lib/gcc/arm-none-eabi/12.2.0/thumb/v7e-m/nofp\libgcc.a(_aeabi_uldivmod.o)
 .debug_info    0x0000c404      0x6f5 c:/progra~2/armgnu~1/arm-no~1/1213fb~1.2mp/bin/../lib/gcc/arm-none-eabi/12.2.0/thumb/v7e-m/nofp\libgcc.a(_udivmoddi4.o)
 .debug_info    0x0000caf9       0x39 c:/progra~2/armgnu~1/arm-no~1/1213fb~1.2mp/bin/../lib/gcc/arm-none-eabi/12.2.0/thumb/v7e-m/nofp\libgcc.a(_dvmd_tls.o)
 .debug_info    0x0000cb32      0x135 c:/progra~2/armgnu~1/arm-no~1/1213fb~1.2mp/bin/../lib/gcc/arm-none-eabi/12.2.0/thumb/v7e-m/nofp\libg.a(libc_a-memset.o)
 .debug_info    0x0000cc67      0x10b c:/progra~2/armgnu~1/arm-no~1/1213fb~1.2mp/bin/../lib/gcc/arm-none-eabi/12.2.0/thumb/v7e-m/nofp\libg.a(libc_a-init.o)
 .debug_info    0x0000cd72      0x20a c:/progra~2/armgnu~1/arm-no~1/1213fb~1.2mp/bin/../lib/gcc/arm-none-eabi/12.2.0/thumb/v7e-m/nofp\libg.a(libc_a-lock.o)
 .debug_info    0x0000cf7c      0x2dd c:/progra~2/armgnu~1/arm-no~1/1213fb~1.2mp/bin/../lib/gcc/arm-none-eabi/12.2.0/thumb/v7e-m/nofp\libg.a(libc_a-__call_atexit.o)
 .debug_info    0x0000d259      0x118 c:/progra~2/armgnu~1/arm-no~1/1213fb~1.2mp/bin/../lib/gcc/arm-none-eabi/12.2.0/thumb/v7e-m/nofp\libg.a(libc_a-atexit.o)
 .debug_info    0x0000d371       0xf7 c:/progra~2/armgnu~1/arm-no~1/1213fb~1.2mp/bin/../lib/gcc/arm-none-eabi/12.2.0/thumb/v7e-m/nofp\libg.a(libc_a-fini.o)
 .debug_info    0x0000d468      0x25f c:/progra~2/armgnu~1/arm-no~1/1213fb~1.2mp/bin/../lib/gcc/arm-none-eabi/12.2.0/thumb/v7e-m/nofp\libg.a(libc_a-__atexit.o)

.debug_abbrev   0x00000000     0x236c
 .debug_abbrev  0x00000000      0x25c CMakeFiles/sample-project.elf.dir/Core/Src/main.c.obj
 .debug_abbrev  0x0000025c      0x1f1 CMakeFiles/sample-project.elf.dir/Core/Src/stm32l4xx_hal_msp.c.obj
 .debug_abbrev  0x0000044d       0x7c CMakeFiles/sample-project.elf.dir/Core/Src/stm32l4xx_it.c.obj
 .debug_abbrev  0x000004c9      0x120 CMakeFiles/sample-project.elf.dir/Core/Src/system_stm32l4xx.c.obj
 .debug_abbrev  0x000005e9       0x1d CMakeFiles/sample-project.elf.dir/Core/Startup/startup_stm32l432kcux.s.obj
 .debug_abbrev  0x00000606      0x254 CMakeFiles/sample-project.elf.dir/Drivers/STM32L4xx_HAL_Driver/Src/stm32l4xx_hal.c.obj
 .debug_abbrev  0x0000085a      0x39b CMakeFiles/sample-project.elf.dir/Drivers/STM32L4xx_HAL_Driver/Src/stm32l4xx_hal_cortex.c.obj
 .debug_abbrev  0x00000bf5      0x1f9 CMakeFiles/sample-project.elf.dir/Drivers/STM32L4xx_HAL_Driver/Src/stm32l4xx_hal_gpio.c.obj
 .debug_abbrev  0x00000dee      0x1c1 CMakeFiles/sample-project.elf.dir/Drivers/STM32L4xx_HAL_Driver/Src/stm32l4xx_hal_pwr.c.obj
 .debug_abbrev  0x00000faf      0x215 CMakeFiles/sample-project.elf.dir/Drivers/STM32L4xx_HAL_Driver/Src/stm32l4xx_hal_pwr_ex.c.obj
 .debug_abbrev  0x000011c4      0x2ab CMakeFiles/sample-project.elf.dir/Drivers/STM32L4xx_HAL_Driver/Src/stm32l4xx_hal_rcc.c.obj
 .debug_abbrev  0x0000146f      0x2a8 CMakeFiles/sample-project.elf.dir/Drivers/STM32L4xx_HAL_Driver/Src/stm32l4xx_hal_rcc_ex.c.obj
 .debug_abbrev  0x00001717      0x301 CMakeFiles/sample-project.elf.dir/Drivers/STM32L4xx_HAL_Driver/Src/stm32l4xx_hal_uart.c.obj
 .debug_abbrev  0x00001a18       0x14 c:/progra~2/armgnu~1/arm-no~1/1213fb~1.2mp/bin/../lib/gcc/arm-none-eabi/12.2.0/thumb/v7e-m/nofp\libgcc.a(_aeabi_uldivmod.o)
 .debug_abbrev  0x00001a2c      0x16a c:/progra~2/armgnu~1/arm-no~1/1213fb~1.2mp/bin/../lib/gcc/arm-none-eabi/12.2.0/thumb/v7e-m/nofp\libgcc.a(_udivmoddi4.o)
 .debug_abbrev  0x00001b96       0x1f c:/progra~2/armgnu~1/arm-no~1/1213fb~1.2mp/bin/../lib/gcc/arm-none-eabi/12.2.0/thumb/v7e-m/nofp\libgcc.a(_dvmd_tls.o)
 .debug_abbrev  0x00001bb5       0xb7 c:/progra~2/armgnu~1/arm-no~1/1213fb~1.2mp/bin/../lib/gcc/arm-none-eabi/12.2.0/thumb/v7e-m/nofp\libg.a(libc_a-memset.o)
 .debug_abbrev  0x00001c6c       0xc9 c:/progra~2/armgnu~1/arm-no~1/1213fb~1.2mp/bin/../lib/gcc/arm-none-eabi/12.2.0/thumb/v7e-m/nofp\libg.a(libc_a-init.o)
 .debug_abbrev  0x00001d35      0x115 c:/progra~2/armgnu~1/arm-no~1/1213fb~1.2mp/bin/../lib/gcc/arm-none-eabi/12.2.0/thumb/v7e-m/nofp\libg.a(libc_a-lock.o)
 .debug_abbrev  0x00001e4a      0x20c c:/progra~2/armgnu~1/arm-no~1/1213fb~1.2mp/bin/../lib/gcc/arm-none-eabi/12.2.0/thumb/v7e-m/nofp\libg.a(libc_a-__call_atexit.o)
 .debug_abbrev  0x00002056       0xc1 c:/progra~2/armgnu~1/arm-no~1/1213fb~1.2mp/bin/../lib/gcc/arm-none-eabi/12.2.0/thumb/v7e-m/nofp\libg.a(libc_a-atexit.o)
 .debug_abbrev  0x00002117       0xcc c:/progra~2/armgnu~1/arm-no~1/1213fb~1.2mp/bin/../lib/gcc/arm-none-eabi/12.2.0/thumb/v7e-m/nofp\libg.a(libc_a-fini.o)
 .debug_abbrev  0x000021e3      0x189 c:/progra~2/armgnu~1/arm-no~1/1213fb~1.2mp/bin/../lib/gcc/arm-none-eabi/12.2.0/thumb/v7e-m/nofp\libg.a(libc_a-__atexit.o)

.debug_aranges  0x00000000      0xa58
 .debug_aranges
                0x00000000       0x40 CMakeFiles/sample-project.elf.dir/Core/Src/main.c.obj
 .debug_aranges
                0x00000040       0x30 CMakeFiles/sample-project.elf.dir/Core/Src/stm32l4xx_hal_msp.c.obj
 .debug_aranges
                0x00000070       0x60 CMakeFiles/sample-project.elf.dir/Core/Src/stm32l4xx_it.c.obj
 .debug_aranges
                0x000000d0       0x28 CMakeFiles/sample-project.elf.dir/Core/Src/system_stm32l4xx.c.obj
 .debug_aranges
                0x000000f8       0x28 CMakeFiles/sample-project.elf.dir/Core/Startup/startup_stm32l432kcux.s.obj
 .debug_aranges
                0x00000120      0x108 CMakeFiles/sample-project.elf.dir/Drivers/STM32L4xx_HAL_Driver/Src/stm32l4xx_hal.c.obj
 .debug_aranges
                0x00000228       0xe0 CMakeFiles/sample-project.elf.dir/Drivers/STM32L4xx_HAL_Driver/Src/stm32l4xx_hal_cortex.c.obj
 .debug_aranges
                0x00000308       0x58 CMakeFiles/sample-project.elf.dir/Drivers/STM32L4xx_HAL_Driver/Src/stm32l4xx_hal_gpio.c.obj
 .debug_aranges
                0x00000360       0x98 CMakeFiles/sample-project.elf.dir/Drivers/STM32L4xx_HAL_Driver/Src/stm32l4xx_hal_pwr.c.obj
 .debug_aranges
                0x000003f8      0x128 CMakeFiles/sample-project.elf.dir/Drivers/STM32L4xx_HAL_Driver/Src/stm32l4xx_hal_pwr_ex.c.obj
 .debug_aranges
                0x00000520       0x90 CMakeFiles/sample-project.elf.dir/Drivers/STM32L4xx_HAL_Driver/Src/stm32l4xx_hal_rcc.c.obj
 .debug_aranges
                0x000005b0       0xf0 CMakeFiles/sample-project.elf.dir/Drivers/STM32L4xx_HAL_Driver/Src/stm32l4xx_hal_rcc_ex.c.obj
 .debug_aranges
                0x000006a0      0x228 CMakeFiles/sample-project.elf.dir/Drivers/STM32L4xx_HAL_Driver/Src/stm32l4xx_hal_uart.c.obj
 .debug_aranges
                0x000008c8       0x20 c:/progra~2/armgnu~1/arm-no~1/1213fb~1.2mp/bin/../lib/gcc/arm-none-eabi/12.2.0/thumb/v7e-m/nofp\libgcc.a(_aeabi_uldivmod.o)
 .debug_aranges
                0x000008e8       0x20 c:/progra~2/armgnu~1/arm-no~1/1213fb~1.2mp/bin/../lib/gcc/arm-none-eabi/12.2.0/thumb/v7e-m/nofp\libgcc.a(_udivmoddi4.o)
 .debug_aranges
                0x00000908       0x20 c:/progra~2/armgnu~1/arm-no~1/1213fb~1.2mp/bin/../lib/gcc/arm-none-eabi/12.2.0/thumb/v7e-m/nofp\libgcc.a(_dvmd_tls.o)
 .debug_aranges
                0x00000928       0x20 c:/progra~2/armgnu~1/arm-no~1/1213fb~1.2mp/bin/../lib/gcc/arm-none-eabi/12.2.0/thumb/v7e-m/nofp\libg.a(libc_a-memset.o)
 .debug_aranges
                0x00000948       0x20 c:/progra~2/armgnu~1/arm-no~1/1213fb~1.2mp/bin/../lib/gcc/arm-none-eabi/12.2.0/thumb/v7e-m/nofp\libg.a(libc_a-init.o)
 .debug_aranges
                0x00000968       0x68 c:/progra~2/armgnu~1/arm-no~1/1213fb~1.2mp/bin/../lib/gcc/arm-none-eabi/12.2.0/thumb/v7e-m/nofp\libg.a(libc_a-lock.o)
 .debug_aranges
                0x000009d0       0x28 c:/progra~2/armgnu~1/arm-no~1/1213fb~1.2mp/bin/../lib/gcc/arm-none-eabi/12.2.0/thumb/v7e-m/nofp\libg.a(libc_a-__call_atexit.o)
 .debug_aranges
                0x000009f8       0x20 c:/progra~2/armgnu~1/arm-no~1/1213fb~1.2mp/bin/../lib/gcc/arm-none-eabi/12.2.0/thumb/v7e-m/nofp\libg.a(libc_a-atexit.o)
 .debug_aranges
                0x00000a18       0x20 c:/progra~2/armgnu~1/arm-no~1/1213fb~1.2mp/bin/../lib/gcc/arm-none-eabi/12.2.0/thumb/v7e-m/nofp\libg.a(libc_a-fini.o)
 .debug_aranges
                0x00000a38       0x20 c:/progra~2/armgnu~1/arm-no~1/1213fb~1.2mp/bin/../lib/gcc/arm-none-eabi/12.2.0/thumb/v7e-m/nofp\libg.a(libc_a-__atexit.o)

.debug_rnglists
                0x00000000      0x827
 .debug_rnglists
                0x00000000       0x2c CMakeFiles/sample-project.elf.dir/Core/Src/main.c.obj
 .debug_rnglists
                0x0000002c       0x20 CMakeFiles/sample-project.elf.dir/Core/Src/stm32l4xx_hal_msp.c.obj
 .debug_rnglists
                0x0000004c       0x43 CMakeFiles/sample-project.elf.dir/Core/Src/stm32l4xx_it.c.obj
 .debug_rnglists
                0x0000008f       0x1a CMakeFiles/sample-project.elf.dir/Core/Src/system_stm32l4xx.c.obj
 .debug_rnglists
                0x000000a9       0x19 CMakeFiles/sample-project.elf.dir/Core/Startup/startup_stm32l432kcux.s.obj
 .debug_rnglists
                0x000000c2       0xc1 CMakeFiles/sample-project.elf.dir/Drivers/STM32L4xx_HAL_Driver/Src/stm32l4xx_hal.c.obj
 .debug_rnglists
                0x00000183       0xa3 CMakeFiles/sample-project.elf.dir/Drivers/STM32L4xx_HAL_Driver/Src/stm32l4xx_hal_cortex.c.obj
 .debug_rnglists
                0x00000226       0x3f CMakeFiles/sample-project.elf.dir/Drivers/STM32L4xx_HAL_Driver/Src/stm32l4xx_hal_gpio.c.obj
 .debug_rnglists
                0x00000265       0x6e CMakeFiles/sample-project.elf.dir/Drivers/STM32L4xx_HAL_Driver/Src/stm32l4xx_hal_pwr.c.obj
 .debug_rnglists
                0x000002d3       0xdb CMakeFiles/sample-project.elf.dir/Drivers/STM32L4xx_HAL_Driver/Src/stm32l4xx_hal_pwr_ex.c.obj
 .debug_rnglists
                0x000003ae       0x7c CMakeFiles/sample-project.elf.dir/Drivers/STM32L4xx_HAL_Driver/Src/stm32l4xx_hal_rcc.c.obj
 .debug_rnglists
                0x0000042a       0xc7 CMakeFiles/sample-project.elf.dir/Drivers/STM32L4xx_HAL_Driver/Src/stm32l4xx_hal_rcc_ex.c.obj
 .debug_rnglists
                0x000004f1      0x1bc CMakeFiles/sample-project.elf.dir/Drivers/STM32L4xx_HAL_Driver/Src/stm32l4xx_hal_uart.c.obj
 .debug_rnglists
                0x000006ad       0x9b c:/progra~2/armgnu~1/arm-no~1/1213fb~1.2mp/bin/../lib/gcc/arm-none-eabi/12.2.0/thumb/v7e-m/nofp\libgcc.a(_udivmoddi4.o)
 .debug_rnglists
                0x00000748       0x14 c:/progra~2/armgnu~1/arm-no~1/1213fb~1.2mp/bin/../lib/gcc/arm-none-eabi/12.2.0/thumb/v7e-m/nofp\libg.a(libc_a-memset.o)
 .debug_rnglists
                0x0000075c       0x13 c:/progra~2/armgnu~1/arm-no~1/1213fb~1.2mp/bin/../lib/gcc/arm-none-eabi/12.2.0/thumb/v7e-m/nofp\libg.a(libc_a-init.o)
 .debug_rnglists
                0x0000076f       0x49 c:/progra~2/armgnu~1/arm-no~1/1213fb~1.2mp/bin/../lib/gcc/arm-none-eabi/12.2.0/thumb/v7e-m/nofp\libg.a(libc_a-lock.o)
 .debug_rnglists
                0x000007b8       0x35 c:/progra~2/armgnu~1/arm-no~1/1213fb~1.2mp/bin/../lib/gcc/arm-none-eabi/12.2.0/thumb/v7e-m/nofp\libg.a(libc_a-__call_atexit.o)
 .debug_rnglists
                0x000007ed       0x13 c:/progra~2/armgnu~1/arm-no~1/1213fb~1.2mp/bin/../lib/gcc/arm-none-eabi/12.2.0/thumb/v7e-m/nofp\libg.a(libc_a-atexit.o)
 .debug_rnglists
                0x00000800       0x13 c:/progra~2/armgnu~1/arm-no~1/1213fb~1.2mp/bin/../lib/gcc/arm-none-eabi/12.2.0/thumb/v7e-m/nofp\libg.a(libc_a-fini.o)
 .debug_rnglists
                0x00000813       0x14 c:/progra~2/armgnu~1/arm-no~1/1213fb~1.2mp/bin/../lib/gcc/arm-none-eabi/12.2.0/thumb/v7e-m/nofp\libg.a(libc_a-__atexit.o)

.debug_line     0x00000000     0xb8d2
 .debug_line    0x00000000      0x4d9 CMakeFiles/sample-project.elf.dir/Core/Src/main.c.obj
 .debug_line    0x000004d9      0x37b CMakeFiles/sample-project.elf.dir/Core/Src/stm32l4xx_hal_msp.c.obj
 .debug_line    0x00000854      0x1bf CMakeFiles/sample-project.elf.dir/Core/Src/stm32l4xx_it.c.obj
 .debug_line    0x00000a13      0x29f CMakeFiles/sample-project.elf.dir/Core/Src/system_stm32l4xx.c.obj
 .debug_line    0x00000cb2       0x7a CMakeFiles/sample-project.elf.dir/Core/Startup/startup_stm32l432kcux.s.obj
 .debug_line    0x00000d2c      0x670 CMakeFiles/sample-project.elf.dir/Drivers/STM32L4xx_HAL_Driver/Src/stm32l4xx_hal.c.obj
 .debug_line    0x0000139c      0x892 CMakeFiles/sample-project.elf.dir/Drivers/STM32L4xx_HAL_Driver/Src/stm32l4xx_hal_cortex.c.obj
 .debug_line    0x00001c2e      0x6d0 CMakeFiles/sample-project.elf.dir/Drivers/STM32L4xx_HAL_Driver/Src/stm32l4xx_hal_gpio.c.obj
 .debug_line    0x000022fe      0x494 CMakeFiles/sample-project.elf.dir/Drivers/STM32L4xx_HAL_Driver/Src/stm32l4xx_hal_pwr.c.obj
 .debug_line    0x00002792      0x92d CMakeFiles/sample-project.elf.dir/Drivers/STM32L4xx_HAL_Driver/Src/stm32l4xx_hal_pwr_ex.c.obj
 .debug_line    0x000030bf      0xfa9 CMakeFiles/sample-project.elf.dir/Drivers/STM32L4xx_HAL_Driver/Src/stm32l4xx_hal_rcc.c.obj
 .debug_line    0x00004068     0x130e CMakeFiles/sample-project.elf.dir/Drivers/STM32L4xx_HAL_Driver/Src/stm32l4xx_hal_rcc_ex.c.obj
 .debug_line    0x00005376     0x52b1 CMakeFiles/sample-project.elf.dir/Drivers/STM32L4xx_HAL_Driver/Src/stm32l4xx_hal_uart.c.obj
 .debug_line    0x0000a627       0x4e c:/progra~2/armgnu~1/arm-no~1/1213fb~1.2mp/bin/../lib/gcc/arm-none-eabi/12.2.0/thumb/v7e-m/nofp\libgcc.a(_aeabi_uldivmod.o)
 .debug_line    0x0000a675      0x5a1 c:/progra~2/armgnu~1/arm-no~1/1213fb~1.2mp/bin/../lib/gcc/arm-none-eabi/12.2.0/thumb/v7e-m/nofp\libgcc.a(_udivmoddi4.o)
 .debug_line    0x0000ac16       0x4a c:/progra~2/armgnu~1/arm-no~1/1213fb~1.2mp/bin/../lib/gcc/arm-none-eabi/12.2.0/thumb/v7e-m/nofp\libgcc.a(_dvmd_tls.o)
 .debug_line    0x0000ac60      0x245 c:/progra~2/armgnu~1/arm-no~1/1213fb~1.2mp/bin/../lib/gcc/arm-none-eabi/12.2.0/thumb/v7e-m/nofp\libg.a(libc_a-memset.o)
 .debug_line    0x0000aea5      0x196 c:/progra~2/armgnu~1/arm-no~1/1213fb~1.2mp/bin/../lib/gcc/arm-none-eabi/12.2.0/thumb/v7e-m/nofp\libg.a(libc_a-init.o)
 .debug_line    0x0000b03b      0x1ad c:/progra~2/armgnu~1/arm-no~1/1213fb~1.2mp/bin/../lib/gcc/arm-none-eabi/12.2.0/thumb/v7e-m/nofp\libg.a(libc_a-lock.o)
 .debug_line    0x0000b1e8      0x2ca c:/progra~2/armgnu~1/arm-no~1/1213fb~1.2mp/bin/../lib/gcc/arm-none-eabi/12.2.0/thumb/v7e-m/nofp\libg.a(libc_a-__call_atexit.o)
 .debug_line    0x0000b4b2      0x114 c:/progra~2/armgnu~1/arm-no~1/1213fb~1.2mp/bin/../lib/gcc/arm-none-eabi/12.2.0/thumb/v7e-m/nofp\libg.a(libc_a-atexit.o)
 .debug_line    0x0000b5c6      0x146 c:/progra~2/armgnu~1/arm-no~1/1213fb~1.2mp/bin/../lib/gcc/arm-none-eabi/12.2.0/thumb/v7e-m/nofp\libg.a(libc_a-fini.o)
 .debug_line    0x0000b70c      0x1c6 c:/progra~2/armgnu~1/arm-no~1/1213fb~1.2mp/bin/../lib/gcc/arm-none-eabi/12.2.0/thumb/v7e-m/nofp\libg.a(libc_a-__atexit.o)

.debug_str      0x00000000     0x3f73
 .debug_str     0x00000000      0x9a5 CMakeFiles/sample-project.elf.dir/Core/Src/main.c.obj
                                0xa51 (size before relaxing)
 .debug_str     0x000009a5      0x23f CMakeFiles/sample-project.elf.dir/Core/Src/stm32l4xx_hal_msp.c.obj
                                0xa00 (size before relaxing)
 .debug_str     0x00000be4       0xd8 CMakeFiles/sample-project.elf.dir/Core/Src/stm32l4xx_it.c.obj
                                0x250 (size before relaxing)
 .debug_str     0x00000cbc       0xbf CMakeFiles/sample-project.elf.dir/Core/Src/system_stm32l4xx.c.obj
                                0x3a9 (size before relaxing)
 .debug_str     0x00000d7b       0x66 CMakeFiles/sample-project.elf.dir/Core/Startup/startup_stm32l432kcux.s.obj
                                 0x9c (size before relaxing)
 .debug_str     0x00000de1      0x7d3 CMakeFiles/sample-project.elf.dir/Drivers/STM32L4xx_HAL_Driver/Src/stm32l4xx_hal.c.obj
                                0xb30 (size before relaxing)
 .debug_str     0x000015b4      0x4b9 CMakeFiles/sample-project.elf.dir/Drivers/STM32L4xx_HAL_Driver/Src/stm32l4xx_hal_cortex.c.obj
                                0xb2b (size before relaxing)
 .debug_str     0x00001a6d      0x132 CMakeFiles/sample-project.elf.dir/Drivers/STM32L4xx_HAL_Driver/Src/stm32l4xx_hal_gpio.c.obj
                                0x55f (size before relaxing)
 .debug_str     0x00001b9f      0x2d0 CMakeFiles/sample-project.elf.dir/Drivers/STM32L4xx_HAL_Driver/Src/stm32l4xx_hal_pwr.c.obj
                                0x6b1 (size before relaxing)
 .debug_str     0x00001e6f      0x3e4 CMakeFiles/sample-project.elf.dir/Drivers/STM32L4xx_HAL_Driver/Src/stm32l4xx_hal_pwr_ex.c.obj
                                0x7c0 (size before relaxing)
 .debug_str     0x00002253      0x23e CMakeFiles/sample-project.elf.dir/Drivers/STM32L4xx_HAL_Driver/Src/stm32l4xx_hal_rcc.c.obj
                                0x87a (size before relaxing)
 .debug_str     0x00002491      0x455 CMakeFiles/sample-project.elf.dir/Drivers/STM32L4xx_HAL_Driver/Src/stm32l4xx_hal_rcc_ex.c.obj
                                0xb80 (size before relaxing)
 .debug_str     0x000028e6      0x822 CMakeFiles/sample-project.elf.dir/Drivers/STM32L4xx_HAL_Driver/Src/stm32l4xx_hal_uart.c.obj
                               0x1010 (size before relaxing)
 .debug_str     0x00003108       0xd6 c:/progra~2/armgnu~1/arm-no~1/1213fb~1.2mp/bin/../lib/gcc/arm-none-eabi/12.2.0/thumb/v7e-m/nofp\libgcc.a(_aeabi_uldivmod.o)
                                 0xe5 (size before relaxing)
 .debug_str     0x000031de      0x5c8 c:/progra~2/armgnu~1/arm-no~1/1213fb~1.2mp/bin/../lib/gcc/arm-none-eabi/12.2.0/thumb/v7e-m/nofp\libgcc.a(_udivmoddi4.o)
                                0x6dc (size before relaxing)
 .debug_str     0x000037a6       0x77 c:/progra~2/armgnu~1/arm-no~1/1213fb~1.2mp/bin/../lib/gcc/arm-none-eabi/12.2.0/thumb/v7e-m/nofp\libgcc.a(_dvmd_tls.o)
                                0x105 (size before relaxing)
 .debug_str     0x0000381d      0x180 c:/progra~2/armgnu~1/arm-no~1/1213fb~1.2mp/bin/../lib/gcc/arm-none-eabi/12.2.0/thumb/v7e-m/nofp\libg.a(libc_a-memset.o)
                                0x21c (size before relaxing)
 .debug_str     0x0000399d       0xc5 c:/progra~2/armgnu~1/arm-no~1/1213fb~1.2mp/bin/../lib/gcc/arm-none-eabi/12.2.0/thumb/v7e-m/nofp\libg.a(libc_a-init.o)
                                0x269 (size before relaxing)
 .debug_str     0x00003a62      0x26f c:/progra~2/armgnu~1/arm-no~1/1213fb~1.2mp/bin/../lib/gcc/arm-none-eabi/12.2.0/thumb/v7e-m/nofp\libg.a(libc_a-lock.o)
                                0x37b (size before relaxing)
 .debug_str     0x00003cd1      0x109 c:/progra~2/armgnu~1/arm-no~1/1213fb~1.2mp/bin/../lib/gcc/arm-none-eabi/12.2.0/thumb/v7e-m/nofp\libg.a(libc_a-__call_atexit.o)
                                0x345 (size before relaxing)
 .debug_str     0x00003dda       0xa7 c:/progra~2/armgnu~1/arm-no~1/1213fb~1.2mp/bin/../lib/gcc/arm-none-eabi/12.2.0/thumb/v7e-m/nofp\libg.a(libc_a-atexit.o)
                                0x245 (size before relaxing)
 .debug_str     0x00003e81       0x83 c:/progra~2/armgnu~1/arm-no~1/1213fb~1.2mp/bin/../lib/gcc/arm-none-eabi/12.2.0/thumb/v7e-m/nofp\libg.a(libc_a-fini.o)
                                0x23f (size before relaxing)
 .debug_str     0x00003f04       0x6f c:/progra~2/armgnu~1/arm-no~1/1213fb~1.2mp/bin/../lib/gcc/arm-none-eabi/12.2.0/thumb/v7e-m/nofp\libg.a(libc_a-__atexit.o)
                                0x31c (size before relaxing)

.debug_frame    0x00000000     0x164c
 .debug_frame   0x00000000       0x90 CMakeFiles/sample-project.elf.dir/Core/Src/main.c.obj
 .debug_frame   0x00000090       0x68 CMakeFiles/sample-project.elf.dir/Core/Src/stm32l4xx_hal_msp.c.obj
 .debug_frame   0x000000f8       0xa8 CMakeFiles/sample-project.elf.dir/Core/Src/stm32l4xx_it.c.obj
 .debug_frame   0x000001a0       0x30 CMakeFiles/sample-project.elf.dir/Core/Src/system_stm32l4xx.c.obj
 .debug_frame   0x000001d0      0x21c CMakeFiles/sample-project.elf.dir/Drivers/STM32L4xx_HAL_Driver/Src/stm32l4xx_hal.c.obj
 .debug_frame   0x000003ec      0x1e4 CMakeFiles/sample-project.elf.dir/Drivers/STM32L4xx_HAL_Driver/Src/stm32l4xx_hal_cortex.c.obj
 .debug_frame   0x000005d0       0xd0 CMakeFiles/sample-project.elf.dir/Drivers/STM32L4xx_HAL_Driver/Src/stm32l4xx_hal_gpio.c.obj
 .debug_frame   0x000006a0      0x120 CMakeFiles/sample-project.elf.dir/Drivers/STM32L4xx_HAL_Driver/Src/stm32l4xx_hal_pwr.c.obj
 .debug_frame   0x000007c0      0x248 CMakeFiles/sample-project.elf.dir/Drivers/STM32L4xx_HAL_Driver/Src/stm32l4xx_hal_pwr_ex.c.obj
 .debug_frame   0x00000a08      0x19c CMakeFiles/sample-project.elf.dir/Drivers/STM32L4xx_HAL_Driver/Src/stm32l4xx_hal_rcc.c.obj
 .debug_frame   0x00000ba4      0x25c CMakeFiles/sample-project.elf.dir/Drivers/STM32L4xx_HAL_Driver/Src/stm32l4xx_hal_rcc_ex.c.obj
 .debug_frame   0x00000e00      0x600 CMakeFiles/sample-project.elf.dir/Drivers/STM32L4xx_HAL_Driver/Src/stm32l4xx_hal_uart.c.obj
 .debug_frame   0x00001400       0x2c c:/progra~2/armgnu~1/arm-no~1/1213fb~1.2mp/bin/../lib/gcc/arm-none-eabi/12.2.0/thumb/v7e-m/nofp\libgcc.a(_aeabi_uldivmod.o)
 .debug_frame   0x0000142c       0x34 c:/progra~2/armgnu~1/arm-no~1/1213fb~1.2mp/bin/../lib/gcc/arm-none-eabi/12.2.0/thumb/v7e-m/nofp\libgcc.a(_udivmoddi4.o)
 .debug_frame   0x00001460       0x2c c:/progra~2/armgnu~1/arm-no~1/1213fb~1.2mp/bin/../lib/gcc/arm-none-eabi/12.2.0/thumb/v7e-m/nofp\libg.a(libc_a-memset.o)
 .debug_frame   0x0000148c       0x2c c:/progra~2/armgnu~1/arm-no~1/1213fb~1.2mp/bin/../lib/gcc/arm-none-eabi/12.2.0/thumb/v7e-m/nofp\libg.a(libc_a-init.o)
 .debug_frame   0x000014b8       0xb0 c:/progra~2/armgnu~1/arm-no~1/1213fb~1.2mp/bin/../lib/gcc/arm-none-eabi/12.2.0/thumb/v7e-m/nofp\libg.a(libc_a-lock.o)
 .debug_frame   0x00001568       0x5c c:/progra~2/armgnu~1/arm-no~1/1213fb~1.2mp/bin/../lib/gcc/arm-none-eabi/12.2.0/thumb/v7e-m/nofp\libg.a(libc_a-__call_atexit.o)
 .debug_frame   0x000015c4       0x20 c:/progra~2/armgnu~1/arm-no~1/1213fb~1.2mp/bin/../lib/gcc/arm-none-eabi/12.2.0/thumb/v7e-m/nofp\libg.a(libc_a-atexit.o)
 .debug_frame   0x000015e4       0x34 c:/progra~2/armgnu~1/arm-no~1/1213fb~1.2mp/bin/../lib/gcc/arm-none-eabi/12.2.0/thumb/v7e-m/nofp\libg.a(libc_a-fini.o)
 .debug_frame   0x00001618       0x34 c:/progra~2/armgnu~1/arm-no~1/1213fb~1.2mp/bin/../lib/gcc/arm-none-eabi/12.2.0/thumb/v7e-m/nofp\libg.a(libc_a-__atexit.o)

.debug_loclists
                0x00000000     0x5d51
 .debug_loclists
                0x00000000       0x6d CMakeFiles/sample-project.elf.dir/Core/Src/stm32l4xx_hal_msp.c.obj
 .debug_loclists
                0x0000006d       0xb5 CMakeFiles/sample-project.elf.dir/Core/Src/system_stm32l4xx.c.obj
 .debug_loclists
                0x00000122      0x11b CMakeFiles/sample-project.elf.dir/Drivers/STM32L4xx_HAL_Driver/Src/stm32l4xx_hal.c.obj
 .debug_loclists
                0x0000023d      0x439 CMakeFiles/sample-project.elf.dir/Drivers/STM32L4xx_HAL_Driver/Src/stm32l4xx_hal_cortex.c.obj
 .debug_loclists
                0x00000676      0x221 CMakeFiles/sample-project.elf.dir/Drivers/STM32L4xx_HAL_Driver/Src/stm32l4xx_hal_gpio.c.obj
 .debug_loclists
                0x00000897      0x114 CMakeFiles/sample-project.elf.dir/Drivers/STM32L4xx_HAL_Driver/Src/stm32l4xx_hal_pwr.c.obj
 .debug_loclists
                0x000009ab      0x3f0 CMakeFiles/sample-project.elf.dir/Drivers/STM32L4xx_HAL_Driver/Src/stm32l4xx_hal_pwr_ex.c.obj
 .debug_loclists
                0x00000d9b      0x558 CMakeFiles/sample-project.elf.dir/Drivers/STM32L4xx_HAL_Driver/Src/stm32l4xx_hal_rcc.c.obj
 .debug_loclists
                0x000012f3      0xf46 CMakeFiles/sample-project.elf.dir/Drivers/STM32L4xx_HAL_Driver/Src/stm32l4xx_hal_rcc_ex.c.obj
 .debug_loclists
                0x00002239     0x2cce CMakeFiles/sample-project.elf.dir/Drivers/STM32L4xx_HAL_Driver/Src/stm32l4xx_hal_uart.c.obj
 .debug_loclists
                0x00004f07      0x9bd c:/progra~2/armgnu~1/arm-no~1/1213fb~1.2mp/bin/../lib/gcc/arm-none-eabi/12.2.0/thumb/v7e-m/nofp\libgcc.a(_udivmoddi4.o)
 .debug_loclists
                0x000058c4      0x1cf c:/progra~2/armgnu~1/arm-no~1/1213fb~1.2mp/bin/../lib/gcc/arm-none-eabi/12.2.0/thumb/v7e-m/nofp\libg.a(libc_a-memset.o)
 .debug_loclists
                0x00005a93       0x6f c:/progra~2/armgnu~1/arm-no~1/1213fb~1.2mp/bin/../lib/gcc/arm-none-eabi/12.2.0/thumb/v7e-m/nofp\libg.a(libc_a-init.o)
 .debug_loclists
                0x00005b02       0x23 c:/progra~2/armgnu~1/arm-no~1/1213fb~1.2mp/bin/../lib/gcc/arm-none-eabi/12.2.0/thumb/v7e-m/nofp\libg.a(libc_a-lock.o)
 .debug_loclists
                0x00005b25      0x128 c:/progra~2/armgnu~1/arm-no~1/1213fb~1.2mp/bin/../lib/gcc/arm-none-eabi/12.2.0/thumb/v7e-m/nofp\libg.a(libc_a-__call_atexit.o)
 .debug_loclists
                0x00005c4d       0x2a c:/progra~2/armgnu~1/arm-no~1/1213fb~1.2mp/bin/../lib/gcc/arm-none-eabi/12.2.0/thumb/v7e-m/nofp\libg.a(libc_a-atexit.o)
 .debug_loclists
                0x00005c77       0x4c c:/progra~2/armgnu~1/arm-no~1/1213fb~1.2mp/bin/../lib/gcc/arm-none-eabi/12.2.0/thumb/v7e-m/nofp\libg.a(libc_a-fini.o)
 .debug_loclists
                0x00005cc3       0x8e c:/progra~2/armgnu~1/arm-no~1/1213fb~1.2mp/bin/../lib/gcc/arm-none-eabi/12.2.0/thumb/v7e-m/nofp\libg.a(libc_a-__atexit.o)

.debug_line_str
                0x00000000      0x161
 .debug_line_str
                0x00000000       0x7f CMakeFiles/sample-project.elf.dir/Core/Startup/startup_stm32l432kcux.s.obj
 .debug_line_str
                0x0000007f       0xd6 c:/progra~2/armgnu~1/arm-no~1/1213fb~1.2mp/bin/../lib/gcc/arm-none-eabi/12.2.0/thumb/v7e-m/nofp\libgcc.a(_aeabi_uldivmod.o)
 .debug_line_str
                0x00000155        0xc c:/progra~2/armgnu~1/arm-no~1/1213fb~1.2mp/bin/../lib/gcc/arm-none-eabi/12.2.0/thumb/v7e-m/nofp\libgcc.a(_dvmd_tls.o)
                                 0xda (size before relaxing)
